#available?
  %s == false

#registered?
  %s == true

#phone
  %s == "this is it"

